// Jest Snapshot v1, https://goo.gl/fbAQLP

exports[`Pruebas en <CardTop /> Debe hacer match con el Snapshot 1`] = `
<div>
  <div>
    <div
      class="cardTop"
      id="10"
    >
      <li
        class="ant-list-item"
      >
        <div
          class="ant-list-item-meta"
        >
          <div
            class="ant-list-item-meta-avatar"
          >
            <span
              class="ant-avatar ant-avatar-circle ant-avatar-image"
            >
              <img
                src=""
              />
            </span>
          </div>
          <div
            class="ant-list-item-meta-content"
          >
            <h4
              class="ant-list-item-meta-title"
            >
              <a
                href="/staff/10"
                id="10"
              >
                Santiago
              </a>
            </h4>
          </div>
          <div
            class="ant-list-item-meta-content"
          >
            <div
              class="ant-list-item-meta-description"
            >
              Santiago servicios en mes
            </div>
          </div>
        </div>
        <ul
          class="ant-list-item-action"
        >
          <li>
            <img
              class="icono_barber"
              src=""
            />
          </li>
        </ul>
      </li>
    </div>
  </div>
</div>
`;
